PHPUnit 11.5.32 by Sebastian Bergmann and contributors.

Unknown option "--without-tty"
